aldine_davis
aldine_eisenhower
aldine_mac_arthur
aldine_nimitz
alief_elsik
alief_hastings
alief_taylor
bastrop_cedar_hill
bmt_west_brook
big_lake_reagan_co
canyon_randall
carrollton_newman
carrollton_ranchview
cedar_park_vista_ridge
c.c._london_school
cypress-fairbanks
cypress_jersey_village
cypress_langham_creek
d’hanis
dallas_a+_academy
dallas_gateway
dallas_jesuit
dallas_life_oak_cliff
dallas_triple_a
braswell
eagle_pass_winn
ep_high
flower_mound_marcus
fort_bend_austin
fort_bend_bush
fort_bend_clements
fort_bend_dulles
fort_bend_elkins
fort_bend_hightower
fort_bend_kempner
fort_bend_marshall
fort_bend_ridge_point
fort_bend_travis
fb_willowridge
fw_paschal_(central)
fw_ymla_academy
gp_north_shore
south_grand_prairie
houston_bellaire
houston_jeff_davis
houston_lee/wisdom
houston_heights/reagan
houston_sam_houston
houston_strake_jesuit
humble_kingwood
humble_kingwood_park
humble_summer_creek
katy_mayde_creek
keller_timber_creek
killeen_harker_heights
lake_highlands
austin_vandergrift
lit_cypr-mauriceville
mc_allen
mc_allen_memorial
mc_allen_rowe
mc_camey
gregor
mc_kinney_boyd
mc_kinney_north
mertzon_irion_county
mount_enterprise
mount_vernon
new_braunfels_canyon
new_caney_porter
pasadena_dobie
paul_pewitt
perrin-whitt
pflugerville_connally
pflugerville_hendricksen
pharr-san_juan-alamo
psja_valley_view
plano
port_arthur_memorial
port_lavaca_calhoun
quinlan_boles_home
richland_hills
rgc_la_grulla
riviera
rocksprings
rockwall_heath
rr_mcneil
rr_westwood
s&s_consolidated
saginaw_boswell
saginal_chisolm_trail
san_angelo_lakeview
san_angleo_t._l._c.
sa_jefferson_(main)
sa_mac_arthur
sa_mc_collum
sa_o’connor
sa_sam_houston
spring_dekaney
spring_westfield
sb_memorial
sb_north_brook
sb_spring_woods
sb_stratford
texarkana
tw_college_park
trophy_byron_nelson
tyler
universal_randolph
waco_consolidated
waxahachie_life
west_columbia
west_texas_high
wichita_falls_rider
